make[1]: Entering directory '/home/chiarcos/Desktop/github/olia'

validate and publish ontologies via GitHub pages

updating from owl/core
========================
update docs/owl/olia-top.owl ok

update docs/owl/system.owl ok

update docs/owl/olia.owl ok


updating from owl/stable
========================
update docs/owl/ancorra-link.rdf ok

warning: owl/stable/lexinfo.owl skipped (files must use http://purl.org/olia/ namespace)

warning: owl/stable/bambara-link.rdf skipped (files must use http://purl.org/olia/ namespace)

owl/stable/ppcme2.owl:16: namespace warning : xmlns: URI &olia2;ppcme2.owl# is not absolute
<rdf:RDF xmlns="&olia2;ppcme2.owl#"
                                   ^
update docs/owl/ppcme2.owl ok

warning: owl/stable/arabic_khoja-link.rdf skipped (files must use http://purl.org/olia/ namespace)

update docs/owl/msd-sl-rozaj-link.rdf ok

update docs/owl/morphisto.owl ok

update docs/owl/msd-et-link.rdf ok

update docs/owl/tiger-link.rdf ok

warning: owl/stable/Readme.md skipped (files must match *-link.rdf or *.owl)

update docs/owl/mte-link.rdf ok

update docs/owl/msd-bg-link.rdf ok

update docs/owl/pctb.owl ok

update docs/owl/stanford.owl ok

update docs/owl/tueba.owl ok

update docs/owl/msd-sr-link.rdf ok

update docs/owl/suc-link.rdf ok

update docs/owl/iswoc.owl ok

update docs/owl/bhojpuri-link.rdf ok

update docs/owl/iswoc-link.rdf ok

update docs/owl/multext_east/msd-ru.owl ok

update docs/owl/multext_east/msd-sk.owl ok

update docs/owl/multext_east/msd-et.owl ok

update docs/owl/multext_east/msd-hu.owl ok

warning: owl/stable/multext_east/zips/2011-07-15a.zip skipped (files must match *-link.rdf or *.owl)

warning: owl/stable/multext_east/zips/2011-07-15.zip skipped (files must match *-link.rdf or *.owl)

warning: owl/stable/multext_east/questions.txt skipped (files must match *-link.rdf or *.owl)

update docs/owl/multext_east/system.owl ok

warning: owl/stable/multext_east/all.owl skipped (files must use http://purl.org/olia/ namespace)

update docs/owl/multext_east/msd-en.owl ok

warning: owl/stable/multext_east/lawV.pdf skipped (files must match *-link.rdf or *.owl)

warning: owl/stable/multext_east/repair-msds.sh skipped (files must match *-link.rdf or *.owl)

update docs/owl/multext_east/multext-east.owl ok

update docs/owl/multext_east/msd-sl-rozaj.owl ok

update docs/owl/multext_east/msd-sl.owl ok

warning: owl/stable/multext_east/getLangLinks.sh skipped (files must match *-link.rdf or *.owl)

update docs/owl/multext_east/msd-bg.owl ok

update docs/owl/multext_east/msd-fa.owl ok

update docs/owl/multext_east/msd-uk.owl ok

update docs/owl/multext_east/msd-cs.owl ok

update docs/owl/multext_east/msd-sr.owl ok

warning: owl/stable/multext_east/index.html skipped (files must match *-link.rdf or *.owl)

update docs/owl/multext_east/msd-pl.owl ok

warning: owl/stable/multext_east/html.zip skipped (files must match *-link.rdf or *.owl)

update docs/owl/multext_east/msd-ro.owl ok

update docs/owl/multext_east/msd-mk.owl ok

update docs/owl/ppcme2-link.rdf ok

update docs/owl/penn-syntax.owl ok

update docs/owl/dzongkha-link.rdf ok

owl/stable/bambara.owl:21: namespace warning : xmlns: URI &olia;bambara.owl# is not absolute
<rdf:RDF xmlns="&olia;bambara.owl#"
                                   ^
update docs/owl/bambara.owl ok

update docs/owl/genia.owl ok

update docs/owl/ilposts.owl ok

update docs/owl/msd-pl-link.rdf ok

update docs/owl/arabic_khoja.owl ok

update docs/owl/russleeds-link.rdf ok

update docs/owl/stanford-link.rdf ok

update docs/owl/emille-link.rdf ok

update docs/owl/indian.owl ok

update docs/owl/msd-en-link.rdf ok

update docs/owl/penn.owl ok

warning: owl/stable/tibet_old.owl skipped (files must use http://purl.org/olia/ namespace)

update docs/owl/lexinfo-link.rdf WARNING: Cannot import http://lemon-model.net/lemon
org.semanticweb.owlapi.io.UnparsableOntologyException: Problem parsing http://lemon-model.net/lemon
Could not parse ontology.  Either a suitable parser could not be found, or parsing failed.  See parser logs below for explanation.
The following parsers were tried:
1) RDFXMLParser
2) OWLXMLParser
3) OWLFunctionalSyntaxOWLParser
4) TurtleOntologyParser
5) OWLOBOParser
6) KRSS2OWLParser
7) ManchesterOWLSyntaxOntologyParser


Detailed logs:
--------------------------------------------------------------------------------
Parser: RDFXMLParser
org.xml.sax.SAXParseException; systemId: http://lemon-model.net/lemon; lineNumber: 1; columnNumber: 50; White spaces are required between publicId and systemId.

--------------------------------------------------------------------------------
Parser: OWLXMLParser
org.xml.sax.SAXParseException; systemId: http://lemon-model.net/lemon; lineNumber: 1; columnNumber: 50; White spaces are required between publicId and systemId.

--------------------------------------------------------------------------------
Parser: OWLFunctionalSyntaxOWLParser
Encountered " <ERROR> "< "" at line 1, column 1.
Was expecting:
    "Ontology" ...
     (Line 0)

--------------------------------------------------------------------------------
Parser: TurtleOntologyParser
uk.ac.manchester.cs.owl.owlapi.turtle.parser.ParseException: Encountered "" at line 1, column 1.
Was expecting one of:
    

--------------------------------------------------------------------------------
Parser: OWLOBOParser
org.coode.owlapi.obo.parser.TokenMgrError: Lexical error at line 1, column 51.  Encountered: "\n" (10), after : ""

--------------------------------------------------------------------------------
Parser: KRSS2OWLParser
de.uulm.ecs.ai.owlapi.krssparser.ParseException: Encountered " ">" "<!DOCTYPE HTML PUBLIC \"-//IETF//DTD HTML 2.0//EN\"> "" at line 1, column 1.
Was expecting:
    <EOF> 
    

--------------------------------------------------------------------------------
Parser: ManchesterOWLSyntaxOntologyParser
Encountered '<!DOCTYPE HTML PUBLIC "-//IETF//DTD HTML 2.0//EN">' at line 1 column 1.  Expected either 'Ontology:' or 'Prefix:' (Line 1)


	at uk.ac.manchester.cs.owl.owlapi.ParsableOWLOntologyFactory.loadOWLOntology(ParsableOWLOntologyFactory.java:236)
	at uk.ac.manchester.cs.owl.owlapi.OWLOntologyManagerImpl.loadOntology(OWLOntologyManagerImpl.java:726)
	at uk.ac.manchester.cs.owl.owlapi.OWLOntologyManagerImpl.loadOntology(OWLOntologyManagerImpl.java:667)
	at uk.ac.manchester.cs.owl.owlapi.OWLOntologyManagerImpl.loadImports(OWLOntologyManagerImpl.java:1084)
	at uk.ac.manchester.cs.owl.owlapi.OWLOntologyManagerImpl.makeLoadImportRequest(OWLOntologyManagerImpl.java:1112)
	at org.coode.owlapi.rdfxml.parser.TPImportsHandler.handleTriple(TPImportsHandler.java:88)
	at org.coode.owlapi.rdfxml.parser.OWLRDFConsumer.handleStreaming(OWLRDFConsumer.java:1632)
	at org.coode.owlapi.rdfxml.parser.OWLRDFConsumer.statementWithResourceValue(OWLRDFConsumer.java:1587)
	at org.semanticweb.owlapi.rdf.syntax.RDFParser.statementWithResourceValue(RDFParser.java:578)
	at org.semanticweb.owlapi.rdf.syntax.RDFParser$EmptyPropertyElement.startElement(RDFParser.java:1049)
	at org.semanticweb.owlapi.rdf.syntax.RDFParser$PropertyElementList.startElement(RDFParser.java:926)
	at org.semanticweb.owlapi.rdf.syntax.RDFParser.startElement(RDFParser.java:281)
	at org.coode.owlapi.rdfxml.parser.RDFXMLParser$1.startElement(RDFXMLParser.java:92)
	at org.apache.xerces.parsers.AbstractSAXParser.startElement(Unknown Source)
	at org.apache.xerces.parsers.AbstractXMLDocumentParser.emptyElement(Unknown Source)
	at org.apache.xerces.impl.dtd.XMLDTDValidator.emptyElement(Unknown Source)
	at org.apache.xerces.impl.XMLNSDocumentScannerImpl.scanStartElement(Unknown Source)
	at org.apache.xerces.impl.XMLDocumentFragmentScannerImpl$FragmentContentDispatcher.dispatch(Unknown Source)
	at org.apache.xerces.impl.XMLDocumentFragmentScannerImpl.scanDocument(Unknown Source)
	at org.apache.xerces.parsers.XML11Configuration.parse(Unknown Source)
	at org.apache.xerces.parsers.XML11Configuration.parse(Unknown Source)
	at org.apache.xerces.parsers.XMLParser.parse(Unknown Source)
	at org.apache.xerces.parsers.AbstractSAXParser.parse(Unknown Source)
	at org.apache.xerces.jaxp.SAXParserImpl$JAXPSAXParser.parse(Unknown Source)
	at java.xml/javax.xml.parsers.SAXParser.parse(SAXParser.java:394)
	at org.semanticweb.owlapi.rdf.syntax.RDFParser.parse(RDFParser.java:173)
	at org.coode.owlapi.rdfxml.parser.RDFXMLParser.parse(RDFXMLParser.java:120)
	at uk.ac.manchester.cs.owl.owlapi.ParsableOWLOntologyFactory.loadOWLOntology(ParsableOWLOntologyFactory.java:204)
	at uk.ac.manchester.cs.owl.owlapi.OWLOntologyManagerImpl.loadOntology(OWLOntologyManagerImpl.java:726)
	at uk.ac.manchester.cs.owl.owlapi.OWLOntologyManagerImpl.loadOntology(OWLOntologyManagerImpl.java:667)
	at uk.ac.manchester.cs.owl.owlapi.OWLOntologyManagerImpl.loadImports(OWLOntologyManagerImpl.java:1084)
	at uk.ac.manchester.cs.owl.owlapi.OWLOntologyManagerImpl.makeLoadImportRequest(OWLOntologyManagerImpl.java:1112)
	at org.coode.owlapi.rdfxml.parser.TPImportsHandler.handleTriple(TPImportsHandler.java:88)
	at org.coode.owlapi.rdfxml.parser.OWLRDFConsumer.handleStreaming(OWLRDFConsumer.java:1632)
	at org.coode.owlapi.rdfxml.parser.OWLRDFConsumer.statementWithResourceValue(OWLRDFConsumer.java:1587)
	at org.semanticweb.owlapi.rdf.syntax.RDFParser.statementWithResourceValue(RDFParser.java:578)
	at org.semanticweb.owlapi.rdf.syntax.RDFParser$EmptyPropertyElement.startElement(RDFParser.java:1049)
	at org.semanticweb.owlapi.rdf.syntax.RDFParser$PropertyElementList.startElement(RDFParser.java:926)
	at org.semanticweb.owlapi.rdf.syntax.RDFParser.startElement(RDFParser.java:281)
	at org.coode.owlapi.rdfxml.parser.RDFXMLParser$1.startElement(RDFXMLParser.java:92)
	at org.apache.xerces.parsers.AbstractSAXParser.startElement(Unknown Source)
	at org.apache.xerces.parsers.AbstractXMLDocumentParser.emptyElement(Unknown Source)
	at org.apache.xerces.impl.dtd.XMLDTDValidator.emptyElement(Unknown Source)
	at org.apache.xerces.impl.XMLNSDocumentScannerImpl.scanStartElement(Unknown Source)
	at org.apache.xerces.impl.XMLDocumentFragmentScannerImpl$FragmentContentDispatcher.dispatch(Unknown Source)
	at org.apache.xerces.impl.XMLDocumentFragmentScannerImpl.scanDocument(Unknown Source)
	at org.apache.xerces.parsers.XML11Configuration.parse(Unknown Source)
	at org.apache.xerces.parsers.XML11Configuration.parse(Unknown Source)
	at org.apache.xerces.parsers.XMLParser.parse(Unknown Source)
	at org.apache.xerces.parsers.AbstractSAXParser.parse(Unknown Source)
	at org.apache.xerces.jaxp.SAXParserImpl$JAXPSAXParser.parse(Unknown Source)
	at java.xml/javax.xml.parsers.SAXParser.parse(SAXParser.java:394)
	at org.semanticweb.owlapi.rdf.syntax.RDFParser.parse(RDFParser.java:173)
	at org.coode.owlapi.rdfxml.parser.RDFXMLParser.parse(RDFXMLParser.java:120)
	at uk.ac.manchester.cs.owl.owlapi.ParsableOWLOntologyFactory.loadOWLOntology(ParsableOWLOntologyFactory.java:204)
	at uk.ac.manchester.cs.owl.owlapi.OWLOntologyManagerImpl.loadOntology(OWLOntologyManagerImpl.java:726)
	at uk.ac.manchester.cs.owl.owlapi.OWLOntologyManagerImpl.loadOntologyFromOntologyDocument(OWLOntologyManagerImpl.java:683)
	at com.clarkparsia.pellet.owlapiv3.OWLAPILoader.parseFile(OWLAPILoader.java:142)
	at org.mindswap.pellet.KBLoader.parse(KBLoader.java:99)
	at com.clarkparsia.pellet.owlapiv3.OWLAPILoader.parse(OWLAPILoader.java:128)
	at org.mindswap.pellet.KBLoader.createKB(KBLoader.java:65)
	at pellet.PelletCmdApp.getKB(PelletCmdApp.java:210)
	at pellet.PelletCmdApp.getKB(PelletCmdApp.java:198)
	at pellet.PelletConsistency.run(PelletConsistency.java:57)
	at pellet.Pellet.run(Pellet.java:106)
	at pellet.Pellet.main(Pellet.java:60)
ok

update docs/owl/treetagger-german.owl ok

warning: owl/stable/treetagger-link.rdf skipped (files must use http://purl.org/olia/ namespace)

update docs/owl/ubyPos.owl ok

update docs/owl/russ-link.rdf ok

update docs/owl/tibet-link.rdf ok

update docs/owl/connexor.owl ok

update docs/owl/emille.owl ok

update docs/owl/urdu.owl ok

update docs/owl/ud-pos-link.rdf ok

update docs/owl/lassy-short.owl ok

update docs/owl/multext-east.owl ok

update docs/owl/tcodex-link.rdf ok

update docs/owl/ubyCat-link.rdf ok

update docs/owl/alpino-link.rdf ok

update docs/owl/french-tt.owl ok

update docs/owl/stts-link.rdf ok

update docs/owl/russ.owl ok

update docs/owl/basque.owl ok

update docs/owl/meno.owl ok

update docs/owl/msd-mk-link.rdf ok

update docs/owl/susa.owl May 23, 2022 8:17:08 PM com.clarkparsia.pellet.datatypes.types.datetime.RestrictedTimelineDatatype <clinit>
SEVERE: Failure initializing restricted timeline datatype support.
Exception in thread "main" java.lang.ExceptionInInitializerError
	at com.clarkparsia.pellet.datatypes.types.datetime.XSDDateTime.<init>(XSDDateTime.java:44)
	at com.clarkparsia.pellet.datatypes.types.datetime.XSDDateTime.<clinit>(XSDDateTime.java:32)
	at com.clarkparsia.pellet.datatypes.DatatypeReasonerImpl.<clinit>(DatatypeReasonerImpl.java:132)
	at org.mindswap.pellet.ABox.<init>(ABox.java:198)
	at org.mindswap.pellet.KnowledgeBase.clear(KnowledgeBase.java:540)
	at org.mindswap.pellet.KnowledgeBase.<init>(KnowledgeBase.java:418)
	at com.clarkparsia.pellet.owlapiv3.PelletReasoner.<init>(PelletReasoner.java:328)
	at com.clarkparsia.pellet.owlapiv3.PelletReasoner.<init>(PelletReasoner.java:304)
	at com.clarkparsia.pellet.owlapiv3.PelletReasonerFactory.createReasoner(PelletReasonerFactory.java:61)
	at com.clarkparsia.pellet.owlapiv3.OWLAPILoader.load(OWLAPILoader.java:115)
	at org.mindswap.pellet.KBLoader.createKB(KBLoader.java:66)
	at pellet.PelletCmdApp.getKB(PelletCmdApp.java:210)
	at pellet.PelletCmdApp.getKB(PelletCmdApp.java:198)
	at pellet.PelletConsistency.run(PelletConsistency.java:57)
	at pellet.Pellet.run(Pellet.java:106)
	at pellet.Pellet.main(Pellet.java:60)
Caused by: org.mindswap.pellet.exceptions.InternalReasonerException: Failure initializing restricted timeline datatype support.
	at com.clarkparsia.pellet.datatypes.types.datetime.RestrictedTimelineDatatype.<clinit>(RestrictedTimelineDatatype.java:81)
	... 16 more
Caused by: javax.xml.datatype.DatatypeConfigurationException: Provider for class javax.xml.datatype.DatatypeFactory cannot be found
	at java.xml/javax.xml.datatype.FactoryFinder.findServiceProvider(FactoryFinder.java:299)
	at java.xml/javax.xml.datatype.FactoryFinder.find(FactoryFinder.java:263)
	at java.xml/javax.xml.datatype.DatatypeFactory.newInstance(DatatypeFactory.java:169)
	at com.clarkparsia.pellet.datatypes.types.datetime.RestrictedTimelineDatatype.<clinit>(RestrictedTimelineDatatype.java:77)
	... 16 more
Caused by: java.util.ServiceConfigurationError: javax.xml.datatype.DatatypeFactory: Error accessing configuration file
	at java.base/java.util.ServiceLoader.fail(ServiceLoader.java:582)
	at java.base/java.util.ServiceLoader$LazyClassPathLookupIterator.parse(ServiceLoader.java:1173)
	at java.base/java.util.ServiceLoader$LazyClassPathLookupIterator.nextProviderClass(ServiceLoader.java:1206)
	at java.base/java.util.ServiceLoader$LazyClassPathLookupIterator.hasNextService(ServiceLoader.java:1221)
	at java.base/java.util.ServiceLoader$LazyClassPathLookupIterator.hasNext(ServiceLoader.java:1265)
	at java.base/java.util.ServiceLoader$2.hasNext(ServiceLoader.java:1300)
	at java.base/java.util.ServiceLoader$3.hasNext(ServiceLoader.java:1385)
	at java.xml/javax.xml.datatype.FactoryFinder$1.run(FactoryFinder.java:291)
	at java.base/java.security.AccessController.doPrivileged(Native Method)
	at java.xml/javax.xml.datatype.FactoryFinder.findServiceProvider(FactoryFinder.java:287)
	... 19 more
Caused by: java.nio.file.NoSuchFileException: /home/chiarcos/Desktop/github/olia/tools/validate/pellet/lib/jena/xercesImpl-2.7.1.jar
	at java.base/sun.nio.fs.UnixException.translateToIOException(UnixException.java:92)
	at java.base/sun.nio.fs.UnixException.rethrowAsIOException(UnixException.java:111)
	at java.base/sun.nio.fs.UnixException.rethrowAsIOException(UnixException.java:116)
	at java.base/sun.nio.fs.UnixFileAttributeViews$Basic.readAttributes(UnixFileAttributeViews.java:55)
	at java.base/sun.nio.fs.UnixFileSystemProvider.readAttributes(UnixFileSystemProvider.java:149)
	at java.base/sun.nio.fs.LinuxFileSystemProvider.readAttributes(LinuxFileSystemProvider.java:99)
	at java.base/java.nio.file.Files.readAttributes(Files.java:1764)
	at java.base/java.util.zip.ZipFile$Source.get(ZipFile.java:1259)
	at java.base/java.util.zip.ZipFile$CleanableResource.<init>(ZipFile.java:831)
	at java.base/java.util.zip.ZipFile$CleanableResource$FinalizableResource.<init>(ZipFile.java:857)
	at java.base/java.util.zip.ZipFile$CleanableResource.get(ZipFile.java:846)
	at java.base/java.util.zip.ZipFile.<init>(ZipFile.java:248)
	at java.base/java.util.zip.ZipFile.<init>(ZipFile.java:177)
	at java.base/java.util.jar.JarFile.<init>(JarFile.java:350)
	at java.base/sun.net.www.protocol.jar.URLJarFile.<init>(URLJarFile.java:103)
	at java.base/sun.net.www.protocol.jar.URLJarFile.getJarFile(URLJarFile.java:72)
	at java.base/sun.net.www.protocol.jar.JarFileFactory.get(JarFileFactory.java:99)
	at java.base/sun.net.www.protocol.jar.JarURLConnection.connect(JarURLConnection.java:125)
	at java.base/sun.net.www.protocol.jar.JarURLConnection.getInputStream(JarURLConnection.java:155)
	at java.base/java.util.ServiceLoader$LazyClassPathLookupIterator.parse(ServiceLoader.java:1165)
	... 27 more
/bin/sh: 49: tools/validate/pellet/pellet.sh: not found
error: owl/stable/susa.owl failed in OWL validation, exiting
make[1]: *** [Makefile:58: release] Error 2
make[1]: Leaving directory '/home/chiarcos/Desktop/github/olia'
